ssd1306.c:53:6:SSD1306_ScrollRight	16	static
ssd1306.c:65:6:SSD1306_ScrollLeft	16	static
ssd1306.c:77:6:SSD1306_Scrolldiagright	16	static
ssd1306.c:91:6:SSD1306_Scrolldiagleft	16	static
ssd1306.c:105:6:SSD1306_Stopscroll	8	static
ssd1306.c:110:6:SSD1306_InvertDisplay	16	static
ssd1306.c:117:6:SSD1306_DrawBitmap	32	static
ssd1306.c:139:9:SSD1306_Init	16	static
ssd1306.c:206:6:SSD1306_UpdateScreen	16	static
ssd1306.c:230:6:SSD1306_ToggleInvert	16	static
ssd1306.c:242:6:SSD1306_Fill	16	static
ssd1306.c:247:6:SSD1306_DrawPixel	16	static
ssd1306.c:269:6:SSD1306_GotoXY	16	static
ssd1306.c:275:6:SSD1306_Putc	32	static
ssd1306.c:306:6:SSD1306_Puts	24	static
ssd1306.c:324:6:SSD1306_DrawLine	40	static
ssd1306.c:417:6:SSD1306_DrawRectangle	32	static
ssd1306.c:442:6:SSD1306_DrawFilledRectangle	40	static
ssd1306.c:471:6:SSD1306_DrawTriangle	32	static
ssd1306.c:479:6:SSD1306_DrawFilledTriangle	64	static
ssd1306.c:547:6:SSD1306_DrawFleches	24	static
ssd1306.c:553:6:SSD1306_Clear	8	static
ssd1306.c:558:6:SSD1306_ON	8	static
ssd1306.c:564:6:SSD1306_OFF	8	static
ssd1306.c:581:6:ssd1306_I2C_Init	16	static
ssd1306.c:588:6:ssd1306_I2C_WriteMulti	296	static
ssd1306.c:601:6:ssd1306_I2C_Write	32	static
