ssd1306.c:53:6:SSD1306_ScrollRight	16	static
ssd1306.c:65:6:SSD1306_ScrollLeft	16	static
ssd1306.c:77:6:SSD1306_Scrolldiagright	16	static
ssd1306.c:91:6:SSD1306_Scrolldiagleft	16	static
ssd1306.c:105:6:SSD1306_Stopscroll	8	static
ssd1306.c:110:6:SSD1306_InvertDisplay	16	static
ssd1306.c:117:6:SSD1306_DrawBitmap	32	static
ssd1306.c:139:9:SSD1306_Init	16	static
ssd1306.c:206:6:SSD1306_UpdateScreen	16	static
ssd1306.c:229:6:SSD1306_ToggleInvert	16	static
ssd1306.c:241:6:SSD1306_Fill	16	static
ssd1306.c:246:6:SSD1306_DrawPixel	16	static
ssd1306.c:268:6:SSD1306_GotoXY	16	static
ssd1306.c:274:6:SSD1306_Putc	32	static
ssd1306.c:305:6:SSD1306_Puts	24	static
ssd1306.c:323:6:SSD1306_DrawLine	40	static
ssd1306.c:416:6:SSD1306_DrawRectangle	32	static
ssd1306.c:441:6:SSD1306_DrawFilledRectangle	40	static
ssd1306.c:470:6:SSD1306_DrawTriangle	32	static
ssd1306.c:478:6:SSD1306_DrawFilledTriangle	64	static
ssd1306.c:546:6:SSD1306_DrawFleches	24	static
ssd1306.c:552:6:SSD1306_Clear	8	static
ssd1306.c:557:6:SSD1306_ON	8	static
ssd1306.c:563:6:SSD1306_OFF	8	static
ssd1306.c:580:6:ssd1306_I2C_Init	16	static
ssd1306.c:587:6:ssd1306_I2C_WriteMulti	296	static
ssd1306.c:600:6:ssd1306_I2C_Write	32	static
